---
source: crates/oxsea/tests/integration/main.rs
expression: dot_snapshot
input_file: crates/oxsea/tests/integration/fixtures/ts/bool.ts
snapshot_kind: text
---
digraph {
  fontname="Helvetica,Arial,sans-serif";
  node [fontname="Helvetica,Arial,sans-serif"];
  edge [fontname="Helvetica,Arial,sans-serif"];
  n0 [label="", shape=circle, style=filled, fillcolor="#fff", height=0.3, width=0.3, penwidth=5];
  n18 -> n0:i0 [color=red];
  n19 -> n0:i1 [color=red];
  n20 -> n0:i2 [color=red];
  n21 -> n0:i3 [color=red];
  n22 -> n0:i4 [color=red];
  n23 -> n0:i5 [color=red];
  n24 -> n0:i6 [color=red];
  n25 -> n0:i7 [color=red];
  n26 -> n0:i8 [color=red];
  n27 -> n0:i9 [color=red];
  n1 -> n0:i10 [color=red];
  n1 [shape=point, style=filled, fillcolor="#000", height=0.25, width=0.25];
  n2 [shape=box, label="= 2.0"] [style=rounded];
  n3 [shape=box, label="= 3.0"] [style=rounded];
  n4 [shape=box, label="= true"] [style=rounded];
  n5 [shape=box, label="= false"] [style=rounded];
  n6 [shape=box, label="= true"] [style=rounded];
  n7 [shape=box, label="= false"] [style=rounded];
  n8 [shape=box, label="global 'gb'"] [style=rounded];
  n9 [shape=record, label="{{in|<i0> left|<i1> right}|===}"] [style=rounded];
  n2 -> n9:i0 ;
  n8 -> n9:i1 ;
  n10 [shape=box, label="global 'ga'"] [style=rounded];
  n11 [shape=record, label="{{in|<i0> left|<i1> right}|===}"] [style=rounded];
  n10 -> n11:i0 ;
  n3 -> n11:i1 ;
  n12 [shape=box, label="= true"] [style=rounded];
  n13 [shape=box, label="= false"] [style=rounded];
  n14 [shape=box, label="global 'gb'"] [style=rounded];
  n15 [shape=record, label="{{in|<i0> left|<i1> right}|==}"] [style=rounded];
  n2 -> n15:i0 ;
  n14 -> n15:i1 ;
  n16 [shape=box, label="global 'ga'"] [style=rounded];
  n17 [shape=record, label="{{in|<i0> left|<i1> right}|==}"] [style=rounded];
  n16 -> n17:i0 ;
  n3 -> n17:i1 ;
  n18 [shape=record, label="{{in|<i0> control|<i1> value}|export 't'}"] [style=filled, fillcolor="#ffffaa"];
  n1 -> n18:i0 [color=red];
  n4 -> n18:i1 ;
  n19 [shape=record, label="{{in|<i0> control|<i1> value}|export 'f'}"] [style=filled, fillcolor="#ffffaa"];
  n1 -> n19:i0 [color=red];
  n5 -> n19:i1 ;
  n20 [shape=record, label="{{in|<i0> control|<i1> value}|export 'eqT'}"] [style=filled, fillcolor="#ffffaa"];
  n1 -> n20:i0 [color=red];
  n6 -> n20:i1 ;
  n21 [shape=record, label="{{in|<i0> control|<i1> value}|export 'eqF'}"] [style=filled, fillcolor="#ffffaa"];
  n1 -> n21:i0 [color=red];
  n7 -> n21:i1 ;
  n22 [shape=record, label="{{in|<i0> control|<i1> value}|export 'eqU'}"] [style=filled, fillcolor="#ffffaa"];
  n1 -> n22:i0 [color=red];
  n9 -> n22:i1 ;
  n23 [shape=record, label="{{in|<i0> control|<i1> value}|export 'eqUR'}"] [style=filled, fillcolor="#ffffaa"];
  n1 -> n23:i0 [color=red];
  n11 -> n23:i1 ;
  n24 [shape=record, label="{{in|<i0> control|<i1> value}|export 'leqT'}"] [style=filled, fillcolor="#ffffaa"];
  n1 -> n24:i0 [color=red];
  n12 -> n24:i1 ;
  n25 [shape=record, label="{{in|<i0> control|<i1> value}|export 'leqF'}"] [style=filled, fillcolor="#ffffaa"];
  n1 -> n25:i0 [color=red];
  n13 -> n25:i1 ;
  n26 [shape=record, label="{{in|<i0> control|<i1> value}|export 'leqU'}"] [style=filled, fillcolor="#ffffaa"];
  n1 -> n26:i0 [color=red];
  n15 -> n26:i1 ;
  n27 [shape=record, label="{{in|<i0> control|<i1> value}|export 'leqUR'}"] [style=filled, fillcolor="#ffffaa"];
  n1 -> n27:i0 [color=red];
  n17 -> n27:i1 ;
}
