---
source: crates/oxsea/tests/integration/main.rs
expression: dot_snapshot
input_file: crates/oxsea/tests/integration/fixtures/ts/global_ref.ts
snapshot_kind: text
---
digraph {
  fontname="Helvetica,Arial,sans-serif";
  node [fontname="Helvetica,Arial,sans-serif"];
  edge [fontname="Helvetica,Arial,sans-serif"];
  n0 [label="", shape=circle, style=filled, fillcolor="#fff", height=0.3, width=0.3, penwidth=5];
  n7 -> n0:i0;
  n1 -> n0:i1;
  n1 [shape=point, style=filled, fillcolor="#000", height=0.25, width=0.25];
  n2 [shape=box, label="global 'a'"] [style=rounded];
  n3 [shape=box, label="global 'b'"] [style=rounded];
  n4 [shape=record, label="{{<i0> left|<i1> right}|+}"] [style=rounded];
  n2 -> n4:i0;
  n3 -> n4:i1;
  n5 [shape=box, label="global 'c'"] [style=rounded];
  n6 [shape=record, label="{{<i0> left|<i1> right}|+}"] [style=rounded];
  n4 -> n6:i0;
  n5 -> n6:i1;
  n7 [shape=record, label="{{<i0> value}|export 'default'}"] [style=filled, fillcolor="#ffffaa"];
  n6 -> n7:i0;
}
