---
source: crates/oxsea/tests/integration/main.rs
expression: dot_snapshot
input_file: crates/oxsea/tests/integration/fixtures/ts/if_else.ts
snapshot_kind: text
---
digraph {
  fontname="Helvetica,Arial,sans-serif";
  node [fontname="Helvetica,Arial,sans-serif"];
  edge [fontname="Helvetica,Arial,sans-serif"];
  n0 [label="", shape=circle, style=filled, fillcolor="#fff", height=0.3, width=0.3, penwidth=5];
  n11 -> n0:i0;
  n10 -> n0:i1;
  n1 [shape=point, style=filled, fillcolor="#000", height=0.25, width=0.25];
  n2 [shape=box, label="= 11.0"] [style="rounded, dashed"];
  n3 [shape=box, label="global 'cond'"] [style=rounded];
  n4 [shape=box, label="block"] [style=filled, fillcolor="#ffffaa"];
  n9 -> n4:i0;
  n9 -> n4:i1;
  n5 [shape=box, label="block"] [style=filled, fillcolor="#ffffaa"];
  n9 -> n5:i0;
  n9 -> n5:i1;
  n6 [shape=box, label="= 23.0"] [style=rounded];
  n7 [shape=box, label="= 37.0"] [style=rounded];
  n8 [shape=record, label="{{<i0> c0|<i1> v0|<i2> c1|<i3> v1}|Î¦}"] [style=rounded];
  n4 -> n8:i0;
  n6 -> n8:i1;
  n5 -> n8:i2;
  n7 -> n8:i3;
  n9 [shape=record, label="{{<i0> control|<i1> condition}|if}"] [style=filled, fillcolor="#ffffaa"];
  n1 -> n9:i0;
  n3 -> n9:i1;
  n10 [shape=box, label="merge"] [style=filled, fillcolor="#ffffaa"];
  n9 -> n10:i0;
  n11 [shape=record, label="{{<i0> control|<i1> value}|export 'default'}"] [style=filled, fillcolor="#ffffaa"];
  n1 -> n11:i0;
  n8 -> n11:i1;
}
