---
source: crates/oxsea/tests/integration/main.rs
expression: dot_snapshot
input_file: crates/oxsea/tests/integration/fixtures/ts/if_else_true.ts
snapshot_kind: text
---
digraph {
  fontname="Helvetica,Arial,sans-serif";
  node [fontname="Helvetica,Arial,sans-serif"];
  edge [fontname="Helvetica,Arial,sans-serif"];
  n0 [label="", shape=circle, style=filled, fillcolor="#fff", height=0.3, width=0.3, penwidth=5];
  n19 -> n0:i0;
  n1 -> n0:i1;
  n1 [shape=point, style=filled, fillcolor="#000", height=0.25, width=0.25];
  n2 [shape=box, label="= 1.0"] [style=rounded];
  n3 [shape=box, label="= true"] [style="rounded, dashed"];
  n4 [shape=box, label="block"] [style="filled, dashed", fillcolor="#ffffaa"];
  n5 [shape=box, label="block"] [style="filled, dashed", fillcolor="#ffffaa"];
  n6 [shape=box, label="= 2.0"] [style="rounded, dashed"];
  n7 [shape=box, label="= 3.0"] [style=rounded];
  n8 [shape=record, label="{{<i0> c0|<i1> v0|<i2> c1|<i3> v1}|Φ}"] [style=filled, fillcolor="#ffffaa"];
  n1 -> n8:i0;
  n7 -> n8:i1;
  n9 -> n8:i2;
  n2 -> n8:i3;
  n9 [label="never", shape=hexagon, style=filled, fillcolor="#fcc"];
  n10 [shape=box, label="= true"] [style="rounded, dashed"];
  n11 [shape=box, label="block"] [style="filled, dashed", fillcolor="#ffffaa"];
  n12 [shape=box, label="block"] [style="filled, dashed", fillcolor="#ffffaa"];
  n13 [shape=box, label="= 4.0"] [style=rounded];
  n14 [shape=record, label="{{<i0> left|<i1> right}|+}"] [style=rounded];
  n8 -> n14:i0;
  n13 -> n14:i1;
  n15 [shape=box, label="= 8.0"] [style=rounded];
  n16 [shape=record, label="{{<i0> left|<i1> right}|+}"] [style=rounded];
  n8 -> n16:i0;
  n15 -> n16:i1;
  n17 [shape=record, label="{{<i0> c0|<i1> v0|<i2> c1|<i3> v1}|Φ}"] [style=filled, fillcolor="#ffffaa"];
  n1 -> n17:i0;
  n14 -> n17:i1;
  n18 -> n17:i2;
  n16 -> n17:i3;
  n18 [label="never", shape=hexagon, style=filled, fillcolor="#fcc"];
  n19 [shape=record, label="{{<i0> control|<i1> value}|export 'default'}"] [style=filled, fillcolor="#ffffaa"];
  n1 -> n19:i0;
  n17 -> n19:i1;
}
