---
source: crates/oxsea/tests/integration/main.rs
expression: code_snapshot
input_file: crates/oxsea/tests/integration/fixtures/ts/if_else.ts
snapshot_kind: text
---
if (cond) {
	Φ8 = 23;
} else {
	Φ8 = 37;
}
export default Φ8;
