---
source: crates/oxsea/tests/integration/main.rs
expression: copy_dot_snapshot
input_file: crates/oxsea/tests/integration/fixtures/ts/if_else.ts
snapshot_kind: text
---
digraph {
  fontname="Helvetica,Arial,sans-serif";
  node [fontname="Helvetica,Arial,sans-serif"];
  edge [fontname="Helvetica,Arial,sans-serif"];
  n0 [label="", shape=circle, style=filled, fillcolor="#fff", height=0.3, width=0.3, penwidth=5];
  n10 -> n0:i0 [color=red];
  n1 [shape=point, style=filled, fillcolor="#000", height=0.25, width=0.25];
  n2 [shape=box, label="global 'cond'"] [style=rounded];
  n3 [shape=record, label="{{in|<i0> control|<i1> condition}|if|{out|<o0> true|<o1> false}}"] [style=filled, fillcolor="#ffffaa"];
  n1 -> n3:i0 [color=red];
  n2 -> n3:i1 ;
  n6 [shape=record, label="{{in|<i0> br|<i1> alt[0]|<i2> alt[1]}|merge}"] [style=filled, fillcolor="#ffffaa"];
  n3 -> n6:i0 [color=red];
  n3:o0 -> n6:i1 [color=red];
  n3:o1 -> n6:i2 [color=red];
  n7 [shape=box, label="= 23.0"] [style=rounded];
  n8 [shape=box, label="= 37.0"] [style=rounded];
  n9 [shape=record, label="{{in|<i0> c|<i1> v0|<i2> v1}|Î¦}"] [style=rounded];
  n6 -> n9:i0 [style=dotted];
  n7 -> n9:i1;
  n8 -> n9:i2;
  n10 [shape=record, label="{{in|<i0> control|<i1> value}|export 'default'}"] [style=filled, fillcolor="#ffffaa"];
  n6 -> n10:i0 [color=red];
  n9 -> n10:i1 ;
}
